ARGC: number (2)
ARGIND: number (1)
ARGV: array, 2 elements
BINMODE: number (0)
CONVFMT: string ("%.6g")
ERRNO: number (0)
FIELDWIDTHS: string ("")
FILENAME: string ("simtest")
FNR: number (10389)
FS: string (" ")
IGNORECASE: number (0)
LINT: number (0)
NF: number (5)
NR: number (10389)
OFMT: string ("%.6g")
OFS: string (" ")
ORS: string ("\n")
RLENGTH: number (0)
RS: string ("\n")
RSTART: number (0)
RT: string ("\n")
SUBSEP: string ("\034")
TEXTDOMAIN: string ("messages")
allrpkts: number (14)
err: unused variable
i: number (9)
rerr: number (8)
rpkt: array, 9 elements
rpkts: number (7)
sgood: number (5)
spkts: number (9)
