0	0.00	0.00
1	6.50	0.00
2	13.00	0.00
3	0.00	6.50
4	6.50	6.50
5	13.00	6.50
6	0.00	13.00
7	6.50	13.00
8	13.00	13.00
