ARGC: number (2)
ARGIND: number (1)
ARGV: array, 2 elements
BINMODE: number (0)
CONVFMT: string ("%.6g")
ERRNO: number (0)
FIELDWIDTHS: string ("")
FILENAME: string ("sim.out")
FNR: number (148041)
FS: string (" ")
IGNORECASE: number (0)
LINT: number (0)
NF: number (6)
NR: number (148041)
OFMT: string ("%.6g")
OFS: string (" ")
ORS: string ("\n")
RLENGTH: number (0)
RS: string ("\n")
RSTART: number (0)
RT: string ("\n")
SUBSEP: string ("\034")
TEXTDOMAIN: string ("messages")
allrpkts: number (26)
edgeerr: number (3085)
err: number (3090)
i: number (20)
maxnode: number (19)
maxrreqerr: number (2)
node: number (13)
pewait: array, 20 elements
rerr: number (20)
rpkt: array, 20 elements
rpkts: number (14)
scli: array, 4 elements
sclis: number (73)
sclisbusy: number (1)
sgood: number (12)
spkts: number (20)
