ERROR (17): PE: Can't add send packet, this send client is busy!
ERROR (17): PE: Can't add send packet, this send client is busy!
ERROR (13): PE: Can't add send packet, this send client is busy!
ERROR (13): PE: Can't add send packet, this send client is busy!
ERROR (17): PE: Can't add send packet, this send client is busy!
