0	42.74	22.86
1	20.23	9.77
2	7.34	34.53
3	13.90	22.96
4	13.21	12.82
5	20.75	12.28
6	28.86	22.55
7	38.68	43.50
8	25.09	23.69
9	25.15	40.88
10	2.99	39.63
11	14.67	25.85
12	13.16	27.73
13	3.11	20.72
14	41.70	25.22
15	44.59	30.39
16	39.35	8.00
17	24.02	4.25
18	40.99	15.17
19	29.41	3.63
